[     817ms] [WARNING] Error with Permissions-Policy header: Unrecognized feature: 'attribution-reporting'. @ :0
[     817ms] [WARNING] Error with Permissions-Policy header: Unrecognized feature: 'shared-storage'. @ :0
[     817ms] [WARNING] Error with Permissions-Policy header: Unrecognized feature: 'shared-storage-select-url'. @ :0
[    2429ms] [WARNING] Error with Permissions-Policy header: Unrecognized feature: 'attribution-reporting'. @ :0
[    2429ms] [WARNING] Error with Permissions-Policy header: Unrecognized feature: 'shared-storage'. @ :0
[    2429ms] [WARNING] Error with Permissions-Policy header: Unrecognized feature: 'shared-storage-select-url'. @ :0
[    2489ms] [ERROR] Permissions policy violation: unload is not allowed in this document. @ https://static.xx.fbcdn.net/rsrc.php/v4/y5/r/pCkse6VZNPK.js:332
[    4361ms] Error: Minified React error #418; visit https://react.dev/errors/418?args[]=text&args[]= for the full message or use the non-minified dev environment for full errors and additional helpful warnings.
    at dr (https://static.xx.fbcdn.net/rsrc.php/v4ihwg4/yX/l/fr_FR-j/lAlCjoD9fBAKNE0GCUPYB1HAzEIEYTwp64t8F3AxFuWl8RnazJ5v_Odmy-jUv3hMDr_HYbKcK5rtxKSTz1J0IrsWZ4tN32nDJ_f99iASUQ4WnmyFM3yvfKE4DdJoraP3KLd038T0bInedX9KjIGjnpuK-qVTtep-pVz5FUheE8wAsi6z.js:1194:28884)
    at Cs (https://static.xx.fbcdn.net/rsrc.php/v4ihwg4/yX/l/fr_FR-j/lAlCjoD9fBAKNE0GCUPYB1HAzEIEYTwp64t8F3AxFuWl8RnazJ5v_Odmy-jUv3hMDr_HYbKcK5rtxKSTz1J0IrsWZ4tN32nDJ_f99iASUQ4WnmyFM3yvfKE4DdJoraP3KLd038T0bInedX9KjIGjnpuK-qVTtep-pVz5FUheE8wAsi6z.js:1194:96777)
    at $d (https://static.xx.fbcdn.net/rsrc.php/v4ihwg4/yX/l/fr_FR-j/lAlCjoD9fBAKNE0GCUPYB1HAzEIEYTwp64t8F3AxFuWl8RnazJ5v_Odmy-jUv3hMDr_HYbKcK5rtxKSTz1J0IrsWZ4tN32nDJ_f99iASUQ4WnmyFM3yvfKE4DdJoraP3KLd038T0bInedX9KjIGjnpuK-qVTtep-pVz5FUheE8wAsi6z.js:1194:144350)
    at Td (https://static.xx.fbcdn.net/rsrc.php/v4ihwg4/yX/l/fr_FR-j/lAlCjoD9fBAKNE0GCUPYB1HAzEIEYTwp64t8F3AxFuWl8RnazJ5v_Odmy-jUv3hMDr_HYbKcK5rtxKSTz1J0IrsWZ4tN32nDJ_f99iASUQ4WnmyFM3yvfKE4DdJoraP3KLd038T0bInedX9KjIGjnpuK-qVTtep-pVz5FUheE8wAsi6z.js:1194:143477)
    at Id (https://static.xx.fbcdn.net/rsrc.php/v4ihwg4/yX/l/fr_FR-j/lAlCjoD9fBAKNE0GCUPYB1HAzEIEYTwp64t8F3AxFuWl8RnazJ5v_Odmy-jUv3hMDr_HYbKcK5rtxKSTz1J0IrsWZ4tN32nDJ_f99iASUQ4WnmyFM3yvfKE4DdJoraP3KLd038T0bInedX9KjIGjnpuK-qVTtep-pVz5FUheE8wAsi6z.js:1194:143388)
    at kd (https://static.xx.fbcdn.net/rsrc.php/v4ihwg4/yX/l/fr_FR-j/lAlCjoD9fBAKNE0GCUPYB1HAzEIEYTwp64t8F3AxFuWl8RnazJ5v_Odmy-jUv3hMDr_HYbKcK5rtxKSTz1J0IrsWZ4tN32nDJ_f99iASUQ4WnmyFM3yvfKE4DdJoraP3KLd038T0bInedX9KjIGjnpuK-qVTtep-pVz5FUheE8wAsi6z.js:1194:143243)
    at dd (https://static.xx.fbcdn.net/rsrc.php/v4ihwg4/yX/l/fr_FR-j/lAlCjoD9fBAKNE0GCUPYB1HAzEIEYTwp64t8F3AxFuWl8RnazJ5v_Odmy-jUv3hMDr_HYbKcK5rtxKSTz1J0IrsWZ4tN32nDJ_f99iASUQ4WnmyFM3yvfKE4DdJoraP3KLd038T0bInedX9KjIGjnpuK-qVTtep-pVz5FUheE8wAsi6z.js:1194:138402)
    at Yr (https://static.xx.fbcdn.net/rsrc.php/v4ihwg4/yX/l/fr_FR-j/lAlCjoD9fBAKNE0GCUPYB1HAzEIEYTwp64t8F3AxFuWl8RnazJ5v_Odmy-jUv3hMDr_HYbKcK5rtxKSTz1J0IrsWZ4tN32nDJ_f99iASUQ4WnmyFM3yvfKE4DdJoraP3KLd038T0bInedX9KjIGjnpuK-qVTtep-pVz5FUheE8wAsi6z.js:1194:35818)
    at MessagePort.N (https://static.xx.fbcdn.net/rsrc.php/v4/ye/r/zw4WGn_hhRq.js:241:1878)
[    5526ms] [LOG] 
%cStop ! font-family:helvetica; font-size:20px; font-size:50px; font-weight:bold; color:red; -webkit-text-stroke:1px black; @ https://static.xx.fbcdn.net/rsrc.php/v4ihwg4/yX/l/fr_FR-j/lAlCjoD9fBAKNE0GCUPYB1HAzEIEYTwp64t8F3AxFuWl8RnazJ5v_Odmy-jUv3hMDr_HYbKcK5rtxKSTz1J0IrsWZ4tN32nDJ_f99iASUQ4WnmyFM3yvfKE4DdJoraP3KLd038T0bInedX9KjIGjnpuK-qVTtep-pVz5FUheE8wAsi6z.js:1039
[    5527ms] [LOG] 
%cIl s’agit d’une fonctionnalité de navigateur conçue pour les développeurs. Si quelqu’un vous a invité(e) à copier-coller quelque chose ici pour activer une fonctionnalité Facebook ou soit-disant pirater le compte d’un tiers, sachez que c’est une arnaque permettant à cette personne d’accéder à votre compte Facebook. font-family:helvetica; font-size:20px;  @ https://static.xx.fbcdn.net/rsrc.php/v4ihwg4/yX/l/fr_FR-j/lAlCjoD9fBAKNE0GCUPYB1HAzEIEYTwp64t8F3AxFuWl8RnazJ5v_Odmy-jUv3hMDr_HYbKcK5rtxKSTz1J0IrsWZ4tN32nDJ_f99iASUQ4WnmyFM3yvfKE4DdJoraP3KLd038T0bInedX9KjIGjnpuK-qVTtep-pVz5FUheE8wAsi6z.js:1039
[    5527ms] [LOG] 
%cConsultez https://www.facebook.com/selfxss pour plus d’informations. font-family:helvetica; font-size:20px;  @ https://static.xx.fbcdn.net/rsrc.php/v4ihwg4/yX/l/fr_FR-j/lAlCjoD9fBAKNE0GCUPYB1HAzEIEYTwp64t8F3AxFuWl8RnazJ5v_Odmy-jUv3hMDr_HYbKcK5rtxKSTz1J0IrsWZ4tN32nDJ_f99iASUQ4WnmyFM3yvfKE4DdJoraP3KLd038T0bInedX9KjIGjnpuK-qVTtep-pVz5FUheE8wAsi6z.js:1039
[    5527ms] [LOG] 
%c  @ https://static.xx.fbcdn.net/rsrc.php/v4ihwg4/yX/l/fr_FR-j/lAlCjoD9fBAKNE0GCUPYB1HAzEIEYTwp64t8F3AxFuWl8RnazJ5v_Odmy-jUv3hMDr_HYbKcK5rtxKSTz1J0IrsWZ4tN32nDJ_f99iASUQ4WnmyFM3yvfKE4DdJoraP3KLd038T0bInedX9KjIGjnpuK-qVTtep-pVz5FUheE8wAsi6z.js:1039
[   27547ms] [WARNING] Error with Permissions-Policy header: Unrecognized feature: 'attribution-reporting'. @ :0
[   27548ms] [WARNING] Error with Permissions-Policy header: Unrecognized feature: 'shared-storage'. @ :0
[   27548ms] [WARNING] Error with Permissions-Policy header: Unrecognized feature: 'shared-storage-select-url'. @ :0
[   28383ms] [WARNING] Error with Permissions-Policy header: Unrecognized feature: 'attribution-reporting'. @ :0
[   28383ms] [WARNING] Error with Permissions-Policy header: Unrecognized feature: 'shared-storage'. @ :0
[   28383ms] [WARNING] Error with Permissions-Policy header: Unrecognized feature: 'shared-storage-select-url'. @ :0
[   28416ms] [ERROR] Permissions policy violation: unload is not allowed in this document. @ https://static.xx.fbcdn.net/rsrc.php/v4/y5/r/pCkse6VZNPK.js:332
[   31480ms] [WARNING] Error with Permissions-Policy header: Unrecognized feature: 'attribution-reporting'. @ :0
[   31480ms] [WARNING] Error with Permissions-Policy header: Unrecognized feature: 'shared-storage'. @ :0
[   31480ms] [WARNING] Error with Permissions-Policy header: Unrecognized feature: 'shared-storage-select-url'. @ :0
[   32703ms] [WARNING] Error with Permissions-Policy header: Unrecognized feature: 'attribution-reporting'. @ :0
[   32703ms] [WARNING] Error with Permissions-Policy header: Unrecognized feature: 'shared-storage'. @ :0
[   32703ms] [WARNING] Error with Permissions-Policy header: Unrecognized feature: 'shared-storage-select-url'. @ :0
[   32734ms] [ERROR] Permissions policy violation: unload is not allowed in this document. @ https://static.xx.fbcdn.net/rsrc.php/v4/y5/r/pCkse6VZNPK.js:332
[   43254ms] [LOG] 
%cStop ! font-family:helvetica; font-size:20px; font-size:50px; font-weight:bold; color:red; -webkit-text-stroke:1px black; @ https://static.xx.fbcdn.net/rsrc.php/v4ihwg4/yX/l/fr_FR-j/lAlCjoD9fBAKNE0GCUPYB1HAzEIEYTwp64t8F3AxFuWl8RnazJ5v_Odmy-jUv3hMDr_HYbKcK5rtxKSTz1J0IrsWZ4tN32nDJ_f99iASUQ4WnmyFM3yvfKE4DdJoraP3KLd038T0bInedX9KjIGjnpuK-qVTtep-pVz5FUheE8wAsi6z.js:1039
[   43255ms] [LOG] 
%cIl s’agit d’une fonctionnalité de navigateur conçue pour les développeurs. Si quelqu’un vous a invité(e) à copier-coller quelque chose ici pour activer une fonctionnalité Facebook ou soit-disant pirater le compte d’un tiers, sachez que c’est une arnaque permettant à cette personne d’accéder à votre compte Facebook. font-family:helvetica; font-size:20px;  @ https://static.xx.fbcdn.net/rsrc.php/v4ihwg4/yX/l/fr_FR-j/lAlCjoD9fBAKNE0GCUPYB1HAzEIEYTwp64t8F3AxFuWl8RnazJ5v_Odmy-jUv3hMDr_HYbKcK5rtxKSTz1J0IrsWZ4tN32nDJ_f99iASUQ4WnmyFM3yvfKE4DdJoraP3KLd038T0bInedX9KjIGjnpuK-qVTtep-pVz5FUheE8wAsi6z.js:1039
[   43255ms] [LOG] 
%cConsultez https://www.facebook.com/selfxss pour plus d’informations. font-family:helvetica; font-size:20px;  @ https://static.xx.fbcdn.net/rsrc.php/v4ihwg4/yX/l/fr_FR-j/lAlCjoD9fBAKNE0GCUPYB1HAzEIEYTwp64t8F3AxFuWl8RnazJ5v_Odmy-jUv3hMDr_HYbKcK5rtxKSTz1J0IrsWZ4tN32nDJ_f99iASUQ4WnmyFM3yvfKE4DdJoraP3KLd038T0bInedX9KjIGjnpuK-qVTtep-pVz5FUheE8wAsi6z.js:1039
[   43255ms] [LOG] 
%c  @ https://static.xx.fbcdn.net/rsrc.php/v4ihwg4/yX/l/fr_FR-j/lAlCjoD9fBAKNE0GCUPYB1HAzEIEYTwp64t8F3AxFuWl8RnazJ5v_Odmy-jUv3hMDr_HYbKcK5rtxKSTz1J0IrsWZ4tN32nDJ_f99iASUQ4WnmyFM3yvfKE4DdJoraP3KLd038T0bInedX9KjIGjnpuK-qVTtep-pVz5FUheE8wAsi6z.js:1039
[   43915ms] [WARNING] Error with Permissions-Policy header: Unrecognized feature: 'attribution-reporting'. @ :0
[   43915ms] [WARNING] Error with Permissions-Policy header: Unrecognized feature: 'shared-storage'. @ :0
[   43915ms] [WARNING] Error with Permissions-Policy header: Unrecognized feature: 'shared-storage-select-url'. @ :0
[   45152ms] [WARNING] Error with Permissions-Policy header: Unrecognized feature: 'attribution-reporting'. @ :0
[   45152ms] [WARNING] Error with Permissions-Policy header: Unrecognized feature: 'shared-storage'. @ :0
[   45152ms] [WARNING] Error with Permissions-Policy header: Unrecognized feature: 'shared-storage-select-url'. @ :0
[   45240ms] [ERROR] Permissions policy violation: unload is not allowed in this document. @ https://static.xx.fbcdn.net/rsrc.php/v4/y5/r/pCkse6VZNPK.js:332
[   46394ms] [LOG] 
%cStop ! font-family:helvetica; font-size:20px; font-size:50px; font-weight:bold; color:red; -webkit-text-stroke:1px black; @ https://static.xx.fbcdn.net/rsrc.php/v4ihwg4/yX/l/fr_FR-j/lAlCjoD9fBAKNE0GCUPYB1HAzEIEYTwp64t8F3AxFuWl8RnazJ5v_Odmy-jUv3hMDr_HYbKcK5rtxKSTz1J0IrsWZ4tN32nDJ_f99iASUQ4WnmyFM3yvfKE4DdJoraP3KLd038T0bInedX9KjIGjnpuK-qVTtep-pVz5FUheE8wAsi6z.js:1039
[   46394ms] [LOG] 
%cIl s’agit d’une fonctionnalité de navigateur conçue pour les développeurs. Si quelqu’un vous a invité(e) à copier-coller quelque chose ici pour activer une fonctionnalité Facebook ou soit-disant pirater le compte d’un tiers, sachez que c’est une arnaque permettant à cette personne d’accéder à votre compte Facebook. font-family:helvetica; font-size:20px;  @ https://static.xx.fbcdn.net/rsrc.php/v4ihwg4/yX/l/fr_FR-j/lAlCjoD9fBAKNE0GCUPYB1HAzEIEYTwp64t8F3AxFuWl8RnazJ5v_Odmy-jUv3hMDr_HYbKcK5rtxKSTz1J0IrsWZ4tN32nDJ_f99iASUQ4WnmyFM3yvfKE4DdJoraP3KLd038T0bInedX9KjIGjnpuK-qVTtep-pVz5FUheE8wAsi6z.js:1039
[   46394ms] [LOG] 
%cConsultez https://www.facebook.com/selfxss pour plus d’informations. font-family:helvetica; font-size:20px;  @ https://static.xx.fbcdn.net/rsrc.php/v4ihwg4/yX/l/fr_FR-j/lAlCjoD9fBAKNE0GCUPYB1HAzEIEYTwp64t8F3AxFuWl8RnazJ5v_Odmy-jUv3hMDr_HYbKcK5rtxKSTz1J0IrsWZ4tN32nDJ_f99iASUQ4WnmyFM3yvfKE4DdJoraP3KLd038T0bInedX9KjIGjnpuK-qVTtep-pVz5FUheE8wAsi6z.js:1039
[   46395ms] [LOG] 
%c  @ https://static.xx.fbcdn.net/rsrc.php/v4ihwg4/yX/l/fr_FR-j/lAlCjoD9fBAKNE0GCUPYB1HAzEIEYTwp64t8F3AxFuWl8RnazJ5v_Odmy-jUv3hMDr_HYbKcK5rtxKSTz1J0IrsWZ4tN32nDJ_f99iASUQ4WnmyFM3yvfKE4DdJoraP3KLd038T0bInedX9KjIGjnpuK-qVTtep-pVz5FUheE8wAsi6z.js:1039
[   48554ms] [WARNING] Error with Permissions-Policy header: Unrecognized feature: 'attribution-reporting'. @ :0
[   48554ms] [WARNING] Error with Permissions-Policy header: Unrecognized feature: 'shared-storage'. @ :0
[   48554ms] [WARNING] Error with Permissions-Policy header: Unrecognized feature: 'shared-storage-select-url'. @ :0
[   49613ms] [WARNING] Error with Permissions-Policy header: Unrecognized feature: 'attribution-reporting'. @ :0
[   49613ms] [WARNING] Error with Permissions-Policy header: Unrecognized feature: 'shared-storage'. @ :0
[   49613ms] [WARNING] Error with Permissions-Policy header: Unrecognized feature: 'shared-storage-select-url'. @ :0
[   49712ms] [ERROR] Permissions policy violation: unload is not allowed in this document. @ https://static.xx.fbcdn.net/rsrc.php/v4/y5/r/pCkse6VZNPK.js:332
[   51923ms] [LOG] 
%cStop ! font-family:helvetica; font-size:20px; font-size:50px; font-weight:bold; color:red; -webkit-text-stroke:1px black; @ https://static.xx.fbcdn.net/rsrc.php/v4ihwg4/yX/l/fr_FR-j/lAlCjoD9fBAKNE0GCUPYB1HAzEIEYTwp64t8F3AxFuWl8RnazJ5v_Odmy-jUv3hMDr_HYbKcK5rtxKSTz1J0IrsWZ4tN32nDJ_f99iASUQ4WnmyFM3yvfKE4DdJoraP3KLd038T0bInedX9KjIGjnpuK-qVTtep-pVz5FUheE8wAsi6z.js:1039
[   51923ms] [LOG] 
%cIl s’agit d’une fonctionnalité de navigateur conçue pour les développeurs. Si quelqu’un vous a invité(e) à copier-coller quelque chose ici pour activer une fonctionnalité Facebook ou soit-disant pirater le compte d’un tiers, sachez que c’est une arnaque permettant à cette personne d’accéder à votre compte Facebook. font-family:helvetica; font-size:20px;  @ https://static.xx.fbcdn.net/rsrc.php/v4ihwg4/yX/l/fr_FR-j/lAlCjoD9fBAKNE0GCUPYB1HAzEIEYTwp64t8F3AxFuWl8RnazJ5v_Odmy-jUv3hMDr_HYbKcK5rtxKSTz1J0IrsWZ4tN32nDJ_f99iASUQ4WnmyFM3yvfKE4DdJoraP3KLd038T0bInedX9KjIGjnpuK-qVTtep-pVz5FUheE8wAsi6z.js:1039
[   51923ms] [LOG] 
%cConsultez https://www.facebook.com/selfxss pour plus d’informations. font-family:helvetica; font-size:20px;  @ https://static.xx.fbcdn.net/rsrc.php/v4ihwg4/yX/l/fr_FR-j/lAlCjoD9fBAKNE0GCUPYB1HAzEIEYTwp64t8F3AxFuWl8RnazJ5v_Odmy-jUv3hMDr_HYbKcK5rtxKSTz1J0IrsWZ4tN32nDJ_f99iASUQ4WnmyFM3yvfKE4DdJoraP3KLd038T0bInedX9KjIGjnpuK-qVTtep-pVz5FUheE8wAsi6z.js:1039
[   51923ms] [LOG] 
%c  @ https://static.xx.fbcdn.net/rsrc.php/v4ihwg4/yX/l/fr_FR-j/lAlCjoD9fBAKNE0GCUPYB1HAzEIEYTwp64t8F3AxFuWl8RnazJ5v_Odmy-jUv3hMDr_HYbKcK5rtxKSTz1J0IrsWZ4tN32nDJ_f99iASUQ4WnmyFM3yvfKE4DdJoraP3KLd038T0bInedX9KjIGjnpuK-qVTtep-pVz5FUheE8wAsi6z.js:1039
[   52052ms] [WARNING] Error with Permissions-Policy header: Unrecognized feature: 'attribution-reporting'. @ :0
[   52052ms] [WARNING] Error with Permissions-Policy header: Unrecognized feature: 'shared-storage'. @ :0
[   52052ms] [WARNING] Error with Permissions-Policy header: Unrecognized feature: 'shared-storage-select-url'. @ :0
[   53521ms] [WARNING] Error with Permissions-Policy header: Unrecognized feature: 'attribution-reporting'. @ :0
[   53521ms] [WARNING] Error with Permissions-Policy header: Unrecognized feature: 'shared-storage'. @ :0
[   53521ms] [WARNING] Error with Permissions-Policy header: Unrecognized feature: 'shared-storage-select-url'. @ :0
[   53646ms] [ERROR] Permissions policy violation: unload is not allowed in this document. @ https://static.xx.fbcdn.net/rsrc.php/v4/y5/r/pCkse6VZNPK.js:332
[   61073ms] [WARNING] Error with Permissions-Policy header: Unrecognized feature: 'attribution-reporting'. @ :0
[   61073ms] [WARNING] Error with Permissions-Policy header: Unrecognized feature: 'shared-storage'. @ :0
[   61073ms] [WARNING] Error with Permissions-Policy header: Unrecognized feature: 'shared-storage-select-url'. @ :0
[   62712ms] [WARNING] Error with Permissions-Policy header: Unrecognized feature: 'attribution-reporting'. @ :0
[   62712ms] [WARNING] Error with Permissions-Policy header: Unrecognized feature: 'shared-storage'. @ :0
[   62712ms] [WARNING] Error with Permissions-Policy header: Unrecognized feature: 'shared-storage-select-url'. @ :0
[   62790ms] [ERROR] Permissions policy violation: unload is not allowed in this document. @ https://static.xx.fbcdn.net/rsrc.php/v4/y5/r/pCkse6VZNPK.js:332
[   72032ms] [LOG] 
%cStop ! font-family:helvetica; font-size:20px; font-size:50px; font-weight:bold; color:red; -webkit-text-stroke:1px black; @ https://static.xx.fbcdn.net/rsrc.php/v4ihwg4/yX/l/fr_FR-j/lAlCjoD9fBAKNE0GCUPYB1HAzEIEYTwp64t8F3AxFuWl8RnazJ5v_Odmy-jUv3hMDr_HYbKcK5rtxKSTz1J0IrsWZ4tN32nDJ_f99iASUQ4WnmyFM3yvfKE4DdJoraP3KLd038T0bInedX9KjIGjnpuK-qVTtep-pVz5FUheE8wAsi6z.js:1039
[   72032ms] [LOG] 
%cIl s’agit d’une fonctionnalité de navigateur conçue pour les développeurs. Si quelqu’un vous a invité(e) à copier-coller quelque chose ici pour activer une fonctionnalité Facebook ou soit-disant pirater le compte d’un tiers, sachez que c’est une arnaque permettant à cette personne d’accéder à votre compte Facebook. font-family:helvetica; font-size:20px;  @ https://static.xx.fbcdn.net/rsrc.php/v4ihwg4/yX/l/fr_FR-j/lAlCjoD9fBAKNE0GCUPYB1HAzEIEYTwp64t8F3AxFuWl8RnazJ5v_Odmy-jUv3hMDr_HYbKcK5rtxKSTz1J0IrsWZ4tN32nDJ_f99iASUQ4WnmyFM3yvfKE4DdJoraP3KLd038T0bInedX9KjIGjnpuK-qVTtep-pVz5FUheE8wAsi6z.js:1039
[   72032ms] [LOG] 
%cConsultez https://www.facebook.com/selfxss pour plus d’informations. font-family:helvetica; font-size:20px;  @ https://static.xx.fbcdn.net/rsrc.php/v4ihwg4/yX/l/fr_FR-j/lAlCjoD9fBAKNE0GCUPYB1HAzEIEYTwp64t8F3AxFuWl8RnazJ5v_Odmy-jUv3hMDr_HYbKcK5rtxKSTz1J0IrsWZ4tN32nDJ_f99iASUQ4WnmyFM3yvfKE4DdJoraP3KLd038T0bInedX9KjIGjnpuK-qVTtep-pVz5FUheE8wAsi6z.js:1039
[   72033ms] [LOG] 
%c  @ https://static.xx.fbcdn.net/rsrc.php/v4ihwg4/yX/l/fr_FR-j/lAlCjoD9fBAKNE0GCUPYB1HAzEIEYTwp64t8F3AxFuWl8RnazJ5v_Odmy-jUv3hMDr_HYbKcK5rtxKSTz1J0IrsWZ4tN32nDJ_f99iASUQ4WnmyFM3yvfKE4DdJoraP3KLd038T0bInedX9KjIGjnpuK-qVTtep-pVz5FUheE8wAsi6z.js:1039
